---
source: crates/postgres/tests/integration/external_services/update_by_id.rs
expression: ctx.queries()
---
[[queries]]
sql = '''
SELECT
  "id",
  "slug",
  "kind",
  "name",
  "base_url",
  "url_pattern"
FROM
  "external_services"
WHERE
  "id" = $1
FOR UPDATE'''
rows_affected = 0
rows_returned = 0
