---
source: crates/postgres/tests/integration/replicas/fetch_by_original_url.rs
expression: ctx.queries()
---
[[queries]]
sql = '''
SELECT
  "replicas"."id" AS "replica_id",
  "replicas"."medium_id" AS "replica_medium_id",
  "replicas"."display_order" AS "replica_display_order",
  "replicas"."original_url" AS "replica_original_url",
  "replicas"."mime_type" AS "replica_mime_type",
  "replicas"."width" AS "replica_width",
  "replicas"."height" AS "replica_height",
  "replicas"."phase" AS "replica_phase",
  "replicas"."created_at" AS "replica_created_at",
  "replicas"."updated_at" AS "replica_updated_at",
  "thumbnails"."id" AS "thumbnail_id",
  "thumbnails"."width" AS "thumbnail_width",
  "thumbnails"."height" AS "thumbnail_height",
  "thumbnails"."created_at" AS "thumbnail_created_at",
  "thumbnails"."updated_at" AS "thumbnail_updated_at"
FROM
  "replicas"
LEFT JOIN
  "thumbnails" ON "replicas"."id" = "thumbnails"."replica_id"
WHERE
  "original_url" = $1'''
rows_affected = 1
rows_returned = 1
