---
source: crates/postgres/tests/integration/tags/fetch_all_with_no_depth.rs
expression: ctx.queries()
---
[[queries]]
sql = '''
SELECT
  "tags"."id"
FROM
  "tags"
INNER JOIN
  "tag_paths" ON "tag_paths"."descendant_id" = "tags"."id"
  AND "tag_paths"."ancestor_id" = '00000000-0000-0000-0000-000000000000'
  AND "tag_paths"."distance" = 1
WHERE
  "tags"."id" <> '00000000-0000-0000-0000-000000000000'
  AND ("tags"."kana", "tags"."id") > ($1, $2)
ORDER BY
  "tags"."kana" ASC,
  "tags"."id" ASC
LIMIT
  $3'''
rows_affected = 2
rows_returned = 2

[[queries]]
sql = '''
SELECT
  "tag_orders"."order",
  "distance",
  "tag_ancestors"."id" AS "ancestor_id",
  "tag_ancestors"."name" AS "ancestor_name",
  "tag_ancestors"."kana" AS "ancestor_kana",
  "tag_ancestors"."aliases" AS "ancestor_aliases",
  "tag_ancestors"."created_at" AS "ancestor_created_at",
  "tag_ancestors"."updated_at" AS "ancestor_updated_at",
  "tag_descendants"."id" AS "descendant_id",
  "tag_descendants"."name" AS "descendant_name",
  "tag_descendants"."kana" AS "descendant_kana",
  "tag_descendants"."aliases" AS "descendant_aliases",
  "tag_descendants"."created_at" AS "descendant_created_at",
  "tag_descendants"."updated_at" AS "descendant_updated_at"
FROM
  "tag_paths"
LEFT JOIN
  (
    SELECT
      "column1" AS "order",
      "column2" AS "id"
    FROM
      (
        VALUES
          ($1, $2), ($3, $4), ($5, $6)) AS "tag_orders"
  ) AS "tag_orders" ON "tag_orders"."id" = "descendant_id"
  AND "ancestor_id" IN (
    "descendant_id",
    '00000000-0000-0000-0000-000000000000'
  )
INNER JOIN
  "tags" AS "tag_ancestors" ON "tag_ancestors"."id" = "tag_paths"."ancestor_id"
INNER JOIN
  "tags" AS "tag_descendants" ON "tag_descendants"."id" = "tag_paths"."descendant_id"
WHERE
  (
    "distance" = 0
    AND "ancestor_id" IN ($7, $8)
  )
  OR (
    "distance" <= 1
    AND "descendant_id" IN (
      SELECT
        "ancestor_id"
      FROM
        "tag_paths"
      WHERE
        "distance" <= $9
        AND "descendant_id" IN ($10, $11)
    )
  )
  OR (
    "distance" <= 1
    AND "ancestor_id" IN (
      SELECT
        "descendant_id"
      FROM
        "tag_paths"
      WHERE
        "distance" <= $12
        AND "ancestor_id" IN ($13, $14)
    )
  )
ORDER BY
  "distance" ASC,
  "tag_orders"."order" ASC,
  "tag_ancestors"."kana" ASC,
  "tag_descendants"."kana" ASC'''
rows_affected = 13
rows_returned = 13
