---
source: crates/postgres/tests/integration/media/create.rs
expression: ctx.queries()
---
[[queries]]
sql = '''
INSERT INTO
  "media"
VALUES
  (DEFAULT)
RETURNING
  "id",
  "created_at",
  "updated_at"'''
rows_affected = 1
rows_returned = 1

[[queries]]
sql = '''
INSERT INTO
  "media_sources" ("medium_id", "source_id")
VALUES
  ($1, $2),
  ($3, $4)'''
rows_affected = 2
rows_returned = 0

[[queries]]
sql = '''
INSERT INTO
  "media_tags" ("medium_id", "tag_id", "tag_type_id")
VALUES
  ($1, $2, $3),
  ($4, $5, $6),
  ($7, $8, $9)'''
rows_affected = 3
rows_returned = 0

[[queries]]
sql = '''
SELECT
  "media_tags"."medium_id",
  "media_tags"."tag_id",
  "tag_types"."id" AS "tag_type_id",
  "tag_types"."slug" AS "tag_type_slug",
  "tag_types"."name" AS "tag_type_name",
  "tag_types"."kana" AS "tag_type_kana"
FROM
  "media_tags"
INNER JOIN
  "tag_types" ON "tag_types"."id" = "media_tags"."tag_type_id"
INNER JOIN
  (
    SELECT
      "tags"."id",
      ARRAY_AGG(
        "ancestors"."kana"
        ORDER BY
          "tag_paths"."distance" DESC
      ) AS "display_order"
    FROM
      "tags"
    INNER JOIN
      "tag_paths" ON "tag_paths"."descendant_id" = "tags"."id"
    INNER JOIN
      "tags" AS "ancestors" ON "tag_paths"."ancestor_id" = "ancestors"."id"
    WHERE
      "ancestor_id" <> $1
    GROUP BY
      "tags"."id"
    ORDER BY
      "display_order" ASC
  ) AS "ancestors" ON "ancestors"."id" = "media_tags"."tag_id"
WHERE
  "media_tags"."medium_id" IN ($2)
ORDER BY
  "media_tags"."medium_id" ASC,
  "tag_types"."kana" ASC,
  "display_order" ASC'''
rows_affected = 3
rows_returned = 3

[[queries]]
sql = '''
SELECT
  "tag_orders"."order",
  "distance",
  "tag_ancestors"."id" AS "ancestor_id",
  "tag_ancestors"."name" AS "ancestor_name",
  "tag_ancestors"."kana" AS "ancestor_kana",
  "tag_ancestors"."aliases" AS "ancestor_aliases",
  "tag_ancestors"."created_at" AS "ancestor_created_at",
  "tag_ancestors"."updated_at" AS "ancestor_updated_at",
  "tag_descendants"."id" AS "descendant_id",
  "tag_descendants"."name" AS "descendant_name",
  "tag_descendants"."kana" AS "descendant_kana",
  "tag_descendants"."aliases" AS "descendant_aliases",
  "tag_descendants"."created_at" AS "descendant_created_at",
  "tag_descendants"."updated_at" AS "descendant_updated_at"
FROM
  "tag_paths"
LEFT JOIN
  (
    SELECT
      "column1" AS "order",
      "column2" AS "id"
    FROM
      (
        VALUES
          ($1, $2), ($3, $4), ($5, $6), ($7, $8)) AS "tag_orders"
  ) AS "tag_orders" ON "tag_orders"."id" = "descendant_id"
  AND "ancestor_id" IN ("descendant_id", $9)
INNER JOIN
  "tags" AS "tag_ancestors" ON "tag_ancestors"."id" = "tag_paths"."ancestor_id"
INNER JOIN
  "tags" AS "tag_descendants" ON "tag_descendants"."id" = "tag_paths"."descendant_id"
WHERE
  (
    "distance" = $10
    AND "ancestor_id" IN ($11, $12, $13)
  )
  OR (
    "distance" <= $14
    AND "descendant_id" IN (
      SELECT
        "ancestor_id"
      FROM
        "tag_paths"
      WHERE
        "distance" <= $15
        AND "descendant_id" IN ($16, $17, $18)
    )
  )
  OR (
    "distance" <= $19
    AND "ancestor_id" IN (
      SELECT
        "descendant_id"
      FROM
        "tag_paths"
      WHERE
        "distance" <= $20
        AND "ancestor_id" IN ($21, $22, $23)
    )
  )
ORDER BY
  "distance" ASC,
  "tag_orders"."order" ASC,
  "tag_ancestors"."kana" ASC,
  "tag_descendants"."kana" ASC'''
rows_affected = 15
rows_returned = 15

[[queries]]
sql = '''
SELECT
  "medium_id",
  "source_id",
  "sources"."external_metadata" AS "source_external_metadata",
  "sources"."external_metadata_extra" AS "source_external_metadata_extra",
  "sources"."created_at" AS "source_created_at",
  "sources"."updated_at" AS "source_updated_at",
  "external_services"."id" AS "external_service_id",
  "external_services"."slug" AS "external_service_slug",
  "external_services"."kind" AS "external_service_kind",
  "external_services"."name" AS "external_service_name",
  "external_services"."base_url" AS "external_service_base_url",
  "external_services"."url_pattern" AS "external_service_url_pattern"
FROM
  "media_sources"
INNER JOIN
  "sources" ON "sources"."id" = "media_sources"."source_id"
INNER JOIN
  "external_services" ON "external_services"."id" = "sources"."external_service_id"
WHERE
  "media_sources"."medium_id" IN ($1)
ORDER BY
  "media_sources"."medium_id" ASC,
  "external_services"."slug" ASC,
  "sources"."external_metadata" ASC'''
rows_affected = 2
rows_returned = 2

[[queries]]
sql = 'COMMIT'
rows_affected = 0
rows_returned = 0
